// Jest Snapshot v1, https://goo.gl/fbAQLP

exports[`<Item /> d 1`] = `"$50.43"`;
