// Jest Snapshot v1, https://goo.gl/fbAQLP

exports[`<RemoveFromCart /> snapshot test 1`] = `
<button
  className="RemoveFromCart__BigButton-emvtd6-0 gPWNSn"
  disabled={false}
  onClick={[Function]}
  title="Delete Item"
>
  delete
</button>
`;
